[1/350] Linking CXX executable vm_jit_per_instruction_policy_test
[2/350] Linking CXX executable agent_constructs_test
[3/350] Linking CXX executable lattice_crypto_test
[4/350] Linking CXX executable ntru_kem_test
[5/350] Linking CXX executable jit_tensor_trace_equivalence_test
[6/350] Building CXX object CMakeFiles/axion_match_metadata_test.dir/tests/cpp/axion_match_metadata_test.cpp.o
[7/350] Building CXX object CMakeFiles/axion_policy_gc_trace_test.dir/tests/cpp/axion_policy_gc_trace_test.cpp.o
[8/350] Linking CXX executable axion_match_metadata_test
[9/350] Linking CXX executable axion_policy_gc_trace_test
[10/350] Building CXX object CMakeFiles/axion_policy_match_guard_test.dir/tests/cpp/axion_policy_match_guard_test.cpp.o
[11/350] Linking CXX executable axion_policy_match_guard_test
[12/350] Building CXX object CMakeFiles/axion_enum_guard_test.dir/tests/cpp/axion_enum_guard_test.cpp.o
[13/350] Linking CXX executable axion_enum_guard_test
[14/350] Building CXX object CMakeFiles/axion_loop_metadata_test.dir/tests/cpp/axion_loop_metadata_test.cpp.o
[15/350] Building CXX object CMakeFiles/tnn_stdlib_test.dir/tests/cpp/tnn_stdlib_test.cpp.o
[16/350] Linking CXX executable axion_loop_metadata_test
[17/350] Linking CXX executable tnn_stdlib_test
[18/350] Building CXX object CMakeFiles/axion_policy_bytecode_test.dir/tests/cpp/axion_policy_bytecode_test.cpp.o
[19/350] Linking CXX executable axion_policy_bytecode_test
[20/350] Building CXX object CMakeFiles/backend_adapter_test.dir/tests/cpp/backend_adapter_test.cpp.o
[21/350] Linking CXX executable backend_adapter_test
[22/350] Building CXX object CMakeFiles/axion_ai_hooks_test.dir/tests/cpp/axion_ai_hooks_test.cpp.o
[23/350] Linking CXX executable axion_ai_hooks_test
[24/350] Building CXX object CMakeFiles/axion_policy_invariants_test.dir/tests/cpp/axion_policy_invariants_test.cpp.o
[25/350] Building CXX object CMakeFiles/axion_policy_allow_deny_determinism_test.dir/tests/cpp/axion_policy_allow_deny_determinism_test.cpp.o
[26/350] Linking CXX executable axion_policy_invariants_test
[27/350] Linking CXX executable axion_policy_allow_deny_determinism_test
[28/350] Building CXX object CMakeFiles/axion_policy_segment_event_test.dir/tests/cpp/axion_policy_segment_event_test.cpp.o
[29/350] Linking CXX executable axion_policy_segment_event_test
[30/350] Building CXX object CMakeFiles/t81_determinism_evidence_test.dir/tests/determinism/evidence_collector.cpp.o
[31/350] Linking CXX executable t81_determinism_evidence_test
[32/350] Building CXX object CMakeFiles/axion_policy_conformance_matrix_test.dir/tests/cpp/axion_policy_conformance_matrix_test.cpp.o
[33/350] Linking CXX executable axion_policy_conformance_matrix_test
[34/350] Building CXX object CMakeFiles/axion_instruction_counter_test.dir/tests/cpp/axion_instruction_counter_test.cpp.o
[35/350] Linking CXX executable axion_instruction_counter_test
[36/350] Building CXX object CMakeFiles/e2e_match_expression_test.dir/tests/cpp/e2e_match_expression_test.cpp.o
[37/350] Linking CXX executable e2e_match_expression_test
[38/350] Building CXX object CMakeFiles/e2e_loop_statement_test.dir/tests/cpp/e2e_loop_statement_test.cpp.o
[39/350] Building CXX object CMakeFiles/e2e_compile_determinism_test.dir/tests/cpp/e2e_compile_determinism_test.cpp.o
[40/350] Linking CXX executable e2e_loop_statement_test
[41/350] Building CXX object CMakeFiles/e2e_print_runtime_test.dir/tests/cpp/e2e_print_runtime_test.cpp.o
[42/350] Linking CXX executable e2e_compile_determinism_test
[43/350] Linking CXX executable e2e_print_runtime_test
[44/350] Building CXX object CMakeFiles/e2e_advanced_features_test.dir/tests/cpp/e2e_advanced_features_test.cpp.o
[45/350] Linking CXX executable e2e_advanced_features_test
[46/350] Building CXX object CMakeFiles/e2e_match_metadata_determinism_test.dir/tests/cpp/e2e_match_metadata_determinism_test.cpp.o
[47/350] Linking CXX executable e2e_match_metadata_determinism_test
[48/350] Building CXX object CMakeFiles/fuzz_parser.dir/tests/fuzz/fuzz_parser.cpp.o
[49/350] Linking CXX executable fuzz_parser
[50/350] Building CXX object CMakeFiles/cli_e2e_test.dir/tests/cpp/cli_e2e_test.cpp.o
[51/350] Building CXX object CMakeFiles/e2e_enum_metadata_determinism_test.dir/tests/cpp/e2e_enum_metadata_determinism_test.cpp.o
[52/350] Linking CXX executable cli_e2e_test
[53/350] Linking CXX executable e2e_enum_metadata_determinism_test
[54/350] Building CXX object CMakeFiles/t81_t81int_test.dir/tests/cpp/test_t81int.cpp.o
[55/350] Linking CXX executable t81_t81int_test
[56/350] Building CXX object CMakeFiles/t81_frontend_fuzz_test.dir/tests/cpp/frontend_fuzz_test.cpp.o
[57/350] Building CXX object CMakeFiles/fuzz_vm.dir/tests/fuzz/fuzz_vm.cpp.o
[58/350] Linking CXX executable t81_frontend_fuzz_test
[59/350] Linking CXX executable fuzz_vm
[60/350] Building CXX object CMakeFiles/t81_t81int_overflow_test.dir/tests/cpp/test_t81int_overflow.cpp.o
[61/350] Linking CXX executable t81_t81int_overflow_test
[62/350] Building CXX object CMakeFiles/t81_t81int_generic_div_test.dir/tests/cpp/test_t81int_generic_div.cpp.o
[63/350] Building CXX object CMakeFiles/e2e_ast_ir_canonical_determinism_test.dir/tests/cpp/e2e_ast_ir_canonical_determinism_test.cpp.o
[64/350] Linking CXX executable t81_t81int_generic_div_test
[65/350] Linking CXX executable e2e_ast_ir_canonical_determinism_test
[66/350] Building CXX object CMakeFiles/t81_division_test.dir/tests/cpp/test_division.cpp.o
[67/350] Linking CXX executable t81_division_test
[68/350] Building CXX object CMakeFiles/t81_int_sign_trit_test.dir/tests/cpp/test_t81int_sign_trit.cpp.o
[69/350] Linking CXX executable t81_int_sign_trit_test
[70/350] Building CXX object CMakeFiles/t81_t81int_to_binary_test.dir/tests/cpp/test_t81int_to_binary.cpp.o
[71/350] Linking CXX executable t81_t81int_to_binary_test
[72/350] Building CXX object CMakeFiles/t81_float_properties_test.dir/tests/cpp/float_properties_test.cpp.o
[73/350] Linking CXX executable t81_float_properties_test
[74/350] Building CXX object CMakeFiles/t81_float_test.dir/tests/cpp/test_T81Float.cpp.o
[75/350] Building CXX object CMakeFiles/t81_complex_test.dir/tests/cpp/test_T81Complex.cpp.o
[76/350] Linking CXX executable t81_float_test
[77/350] Linking CXX executable t81_complex_test
[78/350] Building CXX object CMakeFiles/t81_prob_test.dir/tests/cpp/test_T81Prob.cpp.o
[79/350] Linking CXX executable t81_prob_test
[80/350] Building CXX object CMakeFiles/t81_symbol_test.dir/tests/cpp/test_T81Symbol.cpp.o
[81/350] Linking CXX executable t81_symbol_test
[82/350] Building CXX object CMakeFiles/t81_qutrit_test.dir/tests/cpp/test_T81Qutrit.cpp.o
[83/350] Linking CXX executable t81_qutrit_test
[84/350] Building CXX object CMakeFiles/t81_bigint_float_conversion_test.dir/tests/cpp/test_T81BigInt_Float_conversion.cpp.o
[85/350] Linking CXX executable t81_bigint_float_conversion_test
[86/350] Building CXX object CMakeFiles/t81_string_test.dir/tests/cpp/test_T81String.cpp.o
[87/350] Linking CXX executable t81_string_test
[88/350] Building CXX object CMakeFiles/t81_float_deterministic_test.dir/tests/cpp/test_T81Float.cpp.o
[89/350] Building CXX object CMakeFiles/t81_uint_test.dir/tests/cpp/test_T81Uint.cpp.o
[90/350] Linking CXX executable t81_float_deterministic_test
[91/350] Linking CXX executable t81_uint_test
[92/350] Building CXX object CMakeFiles/t81_fixed_test.dir/tests/cpp/test_T81Fixed.cpp.o
[93/350] Linking CXX executable t81_fixed_test
[94/350] Building CXX object CMakeFiles/t81_list_test.dir/tests/cpp/test_T81List.cpp.o
[95/350] Linking CXX executable t81_list_test
[96/350] Building CXX object CMakeFiles/t81_set_test.dir/tests/cpp/test_T81Set.cpp.o
[97/350] Linking CXX executable t81_set_test
[98/350] Building CXX object CMakeFiles/t81_map_test.dir/tests/cpp/test_T81Map.cpp.o
[99/350] Linking CXX executable t81_map_test
[100/350] Building CXX object CMakeFiles/t81_vector_test.dir/tests/cpp/test_T81Vector.cpp.o
[101/350] Linking CXX executable t81_vector_test
[102/350] Building CXX object CMakeFiles/t81_maybe_test.dir/tests/cpp/test_T81Maybe.cpp.o
[103/350] Linking CXX executable t81_maybe_test
[104/350] Building CXX object CMakeFiles/t81_simd_add_helpers_test.dir/tests/cpp/test_t81_simd_add_helpers.cpp.o
[105/350] Linking CXX executable t81_simd_add_helpers_test
[106/350] Building CXX object CMakeFiles/t81_matrix_singular_test.dir/tests/cpp/test_T81Matrix_singular.cpp.o
[107/350] Linking CXX executable t81_matrix_singular_test
[108/350] Building CXX object CMakeFiles/t81_result_test.dir/tests/cpp/test_T81Result.cpp.o
[109/350] Linking CXX executable t81_result_test
[110/350] Building CXX object CMakeFiles/t81_matrix_test.dir/tests/cpp/test_T81Matrix.cpp.o
[111/350] Linking CXX executable t81_matrix_test
[112/350] Building CXX object CMakeFiles/t81_bytes_test.dir/tests/cpp/test_T81Bytes.cpp.o
[113/350] Linking CXX executable t81_bytes_test
[114/350] Building CXX object CMakeFiles/t81_time_test.dir/tests/cpp/test_T81Time.cpp.o
[115/350] Linking CXX executable t81_time_test
[116/350] Building CXX object CMakeFiles/t81_tree_test.dir/tests/cpp/test_T81Tree.cpp.o
[117/350] Linking CXX executable t81_tree_test
[118/350] Building CXX object CMakeFiles/debug_matrix_crash.dir/tests/cpp/debug_matrix_crash.cpp.o
[119/350] Linking CXX executable debug_matrix_crash
[120/350] Building CXX object CMakeFiles/t81_quaternion_test.dir/tests/cpp/test_T81Quaternion.cpp.o
[121/350] Linking CXX executable t81_quaternion_test
[122/350] Building CXX object CMakeFiles/t81_native_property_test.dir/tests/cpp/t81_native_property_test.cpp.o
[123/350] Linking CXX executable t81_native_property_test
[124/350] Building CXX object CMakeFiles/t81_limb54_add_test.dir/tests/cpp/test_t81_limb54_add.cpp.o
[125/350] Linking CXX executable t81_limb54_add_test
[126/350] Building CXX object CMakeFiles/t81_limb54_booth_mul_test.dir/tests/cpp/test_t81_limb54_booth_mul.cpp.o
[127/350] Building CXX object CMakeFiles/t81_limb_bohemian_add_test.dir/tests/cpp/test_t81_limb_bohemian_add.cpp.o
[128/350] Building CXX object CMakeFiles/t81_native_conversion_test.dir/tests/cpp/test_t81_native_conversion.cpp.o
[129/350] Linking CXX executable t81_limb_bohemian_add_test
[130/350] Linking CXX executable t81_native_conversion_test
[131/350] Linking CXX executable t81_limb54_booth_mul_test
[132/350] Building CXX object CMakeFiles/t81_limb_bohemian_mul_test.dir/tests/cpp/test_t81_limb_bohemian_mul.cpp.o
[133/350] Linking CXX executable t81_limb_bohemian_mul_test
[134/350] Building CXX object CMakeFiles/t81_limb_booth_mul_test.dir/tests/cpp/test_t81_limb_booth_mul.cpp.o
[135/350] Linking CXX executable t81_limb_booth_mul_test
[136/350] Building CXX object CMakeFiles/t81_native_arith_test.dir/tests/cpp/test_t81_native_arith.cpp.o
[137/350] Building CXX object CMakeFiles/t81_limb_mul_wide_high_test.dir/tests/cpp/test_t81_limb_mul_wide_high.cpp.o
[138/350] Building CXX object CMakeFiles/t81_limb_add_test.dir/tests/cpp/test_t81_limb_add.cpp.o
[139/350] Linking CXX executable t81_native_arith_test
[140/350] Linking CXX executable t81_limb_mul_wide_high_test
[141/350] Linking CXX executable t81_limb_add_test
[142/350] Building CXX object CMakeFiles/t81_bigint_v1_perf.dir/tests/cpp/test_bigint_v1_perf.cpp.o
[143/350] Linking CXX executable t81_bigint_v1_perf
[144/350] Building CXX object CMakeFiles/t81_bigint_v1_baseline_test.dir/tests/cpp/test_bigint_v1_baseline.cpp.o
[145/350] Linking CXX executable t81_bigint_v1_baseline_test
[146/350] Building CXX object CMakeFiles/test_bigint_multilimb_ext.dir/tests/cpp/test_bigint_multilimb_ext.cpp.o
[147/350] Linking CXX executable test_bigint_multilimb_ext
[148/350] Building CXX object CMakeFiles/test_T81Tensor_transpose.dir/tests/cpp/test_T81Tensor_transpose.cpp.o
[149/350] Linking CXX executable test_T81Tensor_transpose
[150/350] Building CXX object CMakeFiles/performance_advancements_test.dir/tests/cpp/performance_advancements_test.cpp.o
[151/350] Linking CXX executable performance_advancements_test
[152/350] Building CXX object CMakeFiles/test_bigint_robust_features.dir/tests/cpp/test_bigint_robust_features.cpp.o
[153/350] Linking CXX executable test_bigint_robust_features
[154/350] Building CXX object CMakeFiles/t81_distributed_tensor_test.dir/tests/cpp/distributed_tensor_test.cpp.o
[155/350] Linking CXX executable t81_distributed_tensor_test
[156/350] Building CXX object CMakeFiles/t81_bigint_allocation_pathology_test.dir/tests/cpp/test_bigint_allocation_pathology.cpp.o
[157/350] Linking CXX executable t81_bigint_allocation_pathology_test
[158/350] Building CXX object CMakeFiles/bigint_perf_guardrail_test.dir/tests/cpp/bigint_perf_guardrail_test.cpp.o
[159/350] Linking CXX executable bigint_perf_guardrail_test
[160/350] Building CXX object CMakeFiles/t81_bigint_allocation_guardrail_test.dir/tests/cpp/bigint_allocation_guardrail_test.cpp.o
[161/350] Linking CXX executable t81_bigint_allocation_guardrail_test
[162/350] Building CXX object CMakeFiles/t81_vm_tier_promotion_test.dir/tests/cpp/vm_tier_promotion_test.cpp.o
[163/350] Linking CXX executable t81_vm_tier_promotion_test
[164/350] Building CXX object CMakeFiles/t81_code_protection_test.dir/tests/cpp/test_code_protection.cpp.o
[165/350] Linking CXX executable t81_code_protection_test
[166/350] Building CXX object CMakeFiles/axion_heap_compaction_trace_test.dir/tests/cpp/axion_heap_compaction_trace_test.cpp.o
[167/350] Linking CXX executable axion_heap_compaction_trace_test
[168/350] Building CXX object CMakeFiles/tensor_backend_parity_test.dir/tests/cpp/tensor_backend_parity_test.cpp.o
[169/350] Linking CXX executable tensor_backend_parity_test
[170/350] Building CXX object CMakeFiles/axion_nested_guard_test.dir/tests/cpp/axion_nested_guard_test.cpp.o
[171/350] Linking CXX executable axion_nested_guard_test
[172/350] Building CXX object CMakeFiles/e2e_axion_trace_test.dir/tests/cpp/e2e_axion_trace_test.cpp.o
[173/350] Building CXX object CMakeFiles/t81_map_regression_test.dir/tests/cpp/test_T81Map_regression.cpp.o
[174/350] Linking CXX executable t81_map_regression_test
[175/350] Linking CXX executable e2e_axion_trace_test
[176/350] Building CXX object CMakeFiles/t81_graph_components_test.dir/tests/cpp/test_T81Graph_components.cpp.o
[177/350] Linking CXX executable t81_graph_components_test
[178/350] Building CXX object CMakeFiles/t81_graph_test.dir/tests/cpp/test_T81Graph.cpp.o
[179/350] Linking CXX executable t81_graph_test
[180/350] Building CXX object CMakeFiles/t81_graph_shortest_path_test.dir/tests/cpp/test_T81Graph_shortest_path.cpp.o
[181/350] Building CXX object CMakeFiles/t81_polynomial_test.dir/tests/cpp/test_T81Polynomial.cpp.o
[182/350] Linking CXX executable t81_graph_shortest_path_test
[183/350] Linking CXX executable t81_polynomial_test
[184/350] Building CXX object CMakeFiles/t81_graph_large_test.dir/tests/cpp/test_T81Graph_large.cpp.o
[185/350] Linking CXX executable t81_graph_large_test
[186/350] Building CXX object CMakeFiles/t81_stream_test.dir/tests/cpp/test_T81Stream.cpp.o
[187/350] Linking CXX executable t81_stream_test
[188/350] Building CXX object CMakeFiles/t81_agent_neural_test.dir/tests/cpp/test_T81Agent_neural.cpp.o
[189/350] Linking CXX executable t81_agent_neural_test
[190/350] Building CXX object CMakeFiles/t81_agent_test.dir/tests/cpp/test_T81Agent.cpp.o
[191/350] Linking CXX executable t81_agent_test
[192/350] Building CXX object CMakeFiles/t81_promise_test.dir/tests/cpp/test_T81Promise.cpp.o
[193/350] Linking CXX executable t81_promise_test
[194/350] Building CXX object CMakeFiles/t81_thread_test.dir/tests/cpp/test_T81Thread.cpp.o
[195/350] Linking CXX executable t81_thread_test
[196/350] Building CXX object CMakeFiles/t81_category_test.dir/tests/cpp/test_T81Category.cpp.o
[197/350] Linking CXX executable t81_category_test
[198/350] Building CXX object CMakeFiles/t81_proof_test.dir/tests/cpp/test_T81Proof.cpp.o
[199/350] Linking CXX executable t81_proof_test
[200/350] Building CXX object CMakeFiles/t81_tensor_slice_static_test.dir/tests/cpp/test_T81Tensor_slice_static.cpp.o
[201/350] Linking CXX executable t81_tensor_slice_static_test
[202/350] Building CXX object CMakeFiles/t81_tensor_concat_static_test.dir/tests/cpp/test_T81Tensor_concat_static.cpp.o
[203/350] Linking CXX executable t81_tensor_concat_static_test
[204/350] Building CXX object CMakeFiles/t81_tensor_permute_static_test.dir/tests/cpp/test_T81Tensor_permute_static.cpp.o
[205/350] Linking CXX executable t81_tensor_permute_static_test
[206/350] Building CXX object CMakeFiles/t81_tensor_activations_static_test.dir/tests/cpp/test_T81Tensor_activations_static.cpp.o
[207/350] Linking CXX executable t81_tensor_activations_static_test
[208/350] Building CXX object CMakeFiles/t81_tensor_pad_static_test.dir/tests/cpp/test_T81Tensor_pad_static.cpp.o
[209/350] Linking CXX executable t81_tensor_pad_static_test
[210/350] Building CXX object CMakeFiles/t81_network_test.dir/tests/cpp/test_T81Network.cpp.o
[211/350] Building CXX object CMakeFiles/t81_discovery_test.dir/tests/cpp/test_T81Discovery.cpp.o
[212/350] Linking CXX executable t81_discovery_test
[213/350] Building CXX object CMakeFiles/t81_tensor_softmax_static_test.dir/tests/cpp/test_T81Tensor_softmax_static.cpp.o
[214/350] Linking CXX executable t81_network_test
[215/350] Linking CXX executable t81_tensor_softmax_static_test
[216/350] Building CXX object CMakeFiles/t81_int_pow_test.dir/tests/cpp/test_T81Int_pow.cpp.o
[217/350] Linking CXX executable t81_int_pow_test
[218/350] Building CXX object CMakeFiles/t81_float_rounding_test.dir/tests/cpp/test_T81Float_rounding.cpp.o
[219/350] Linking CXX executable t81_float_rounding_test
[220/350] Building CXX object CMakeFiles/t81_int_gcd_lcm_test.dir/tests/cpp/test_T81Int_gcd_lcm.cpp.o
[221/350] Linking CXX executable t81_int_gcd_lcm_test
[222/350] Building CXX object CMakeFiles/t81_float_clamp_test.dir/tests/cpp/test_T81Float_clamp.cpp.o
[223/350] Linking CXX executable t81_float_clamp_test
[224/350] Building CXX object CMakeFiles/t81_graph_bfs_test.dir/tests/cpp/test_T81Graph_bfs.cpp.o
[225/350] Linking CXX executable t81_graph_bfs_test
[226/350] Building CXX object CMakeFiles/t81_int_shift_test.dir/tests/cpp/test_t81int_shift.cpp.o
[227/350] Linking CXX executable t81_int_shift_test
[228/350] Building CXX object CMakeFiles/t81_graph_pagerank_convergence_test.dir/tests/cpp/test_T81Graph_pagerank_convergence.cpp.o
[229/350] Linking CXX executable t81_graph_pagerank_convergence_test
[230/350] Building CXX object CMakeFiles/t81_symbolic_vm_test.dir/tests/cpp/symbolic_vm_test.cpp.o
[231/350] Building CXX object CMakeFiles/t81_std_test.dir/tests/cpp/test_t81_std.cpp.o
[232/350] Linking CXX executable t81_symbolic_vm_test
[233/350] Linking CXX executable t81_std_test
[234/350] Building CXX object CMakeFiles/test_t81float_scientific.dir/tests/cpp/test_t81float_scientific.cpp.o
[235/350] Linking CXX executable test_t81float_scientific
[236/350] Building CXX object CMakeFiles/tier1_rewrite_confluence_test.dir/tests/cpp/tier1_rewrite_confluence_test.cpp.o
[237/350] Linking CXX executable tier1_rewrite_confluence_test
[238/350] Building CXX object CMakeFiles/test_symbol_type.dir/tests/cpp/test_symbol_type.cpp.o
[239/350] Linking CXX executable test_symbol_type
[240/350] Building CXX object CMakeFiles/test_dynamic_vector.dir/tests/cpp/test_dynamic_vector.cpp.o
[241/350] Linking CXX executable test_dynamic_vector
[242/350] Building CXX object CMakeFiles/t81_determinism_codec_test.dir/tests/determinism/codec/ternary_codec_test.cpp.o
[243/350] Linking CXX executable t81_determinism_codec_test
[244/350] Building CXX object CMakeFiles/test_concurrency.dir/tests/cpp/test_concurrency.cpp.o
[245/350] Linking CXX executable test_concurrency
[246/350] Building CXX object CMakeFiles/t81_graph_algorithms_test.dir/tests/cpp/test_T81Graph_algorithms.cpp.o
[247/350] Linking CXX executable t81_graph_algorithms_test
[248/350] Building CXX object CMakeFiles/test_collections_scaffold.dir/tests/cpp/test_collections_scaffold.cpp.o
[249/350] Linking CXX executable test_collections_scaffold
[250/350] Building CXX object CMakeFiles/test_bigint_demotion.dir/tests/cpp/test_bigint_demotion.cpp.o
[251/350] Linking CXX executable test_bigint_demotion
[252/350] Building CXX object CMakeFiles/t81_determinism_float_test.dir/tests/determinism/test_float.cpp.o
[253/350] Linking CXX executable t81_determinism_float_test
[254/350] Building CXX object CMakeFiles/t81_determinism_containers_test.dir/tests/determinism/test_containers.cpp.o
[255/350] Building CXX object CMakeFiles/t81_determinism_primitives_test.dir/tests/determinism/test_primitives.cpp.o
[256/350] Linking CXX executable t81_determinism_containers_test
[257/350] Linking CXX executable t81_determinism_primitives_test
[258/350] Building CXX object CMakeFiles/t81_determinism_math_test.dir/tests/determinism/test_math.cpp.o
[259/350] Linking CXX executable t81_determinism_math_test
[260/350] Building CXX object CMakeFiles/t81_determinism_vector_test.dir/tests/determinism/test_vector.cpp.o
[261/350] Linking CXX executable t81_determinism_vector_test
[262/350] Building CXX object CMakeFiles/test_deterministic_float_boundaries.dir/tests/cpp/test_deterministic_float_boundaries.cpp.o
[263/350] Linking CXX executable test_deterministic_float_boundaries
[264/350] Building CXX object CMakeFiles/t81_determinism_new_types_test.dir/tests/determinism/test_new_types.cpp.o
[265/350] Linking CXX executable t81_determinism_new_types_test
[266/350] Building CXX object _deps/ftxui-build/CMakeFiles/screen.dir/src/ftxui/screen/box.cpp.o
[267/350] Building CXX object _deps/ftxui-build/CMakeFiles/screen.dir/src/ftxui/screen/color.cpp.o
[268/350] Building CXX object CMakeFiles/test_map_determinism.dir/tests/cpp/test_map_determinism.cpp.o
[269/350] Linking CXX executable test_map_determinism
[270/350] Building CXX object _deps/ftxui-build/CMakeFiles/screen.dir/src/ftxui/screen/color_info.cpp.o
[271/350] Building CXX object CMakeFiles/test_t81float_soft_math.dir/tests/cpp/test_t81float_soft_math.cpp.o
[272/350] Linking CXX executable test_t81float_soft_math
[273/350] Building CXX object _deps/ftxui-build/CMakeFiles/screen.dir/src/ftxui/screen/terminal.cpp.o
[274/350] Building CXX object _deps/ftxui-build/CMakeFiles/screen.dir/src/ftxui/screen/string.cpp.o
[275/350] Building CXX object CMakeFiles/test_t81lang_traceability_enforcement.dir/tests/cpp/test_t81lang_traceability_enforcement.cpp.o
[276/350] Building CXX object _deps/ftxui-build/CMakeFiles/dom.dir/src/ftxui/dom/automerge.cpp.o
[277/350] Linking CXX executable test_t81lang_traceability_enforcement
[278/350] Building CXX object CMakeFiles/test_axion_evidence_loop_closure_corrected.dir/tests/cpp/test_axion_evidence_loop_closure_corrected.cpp.o
[279/350] Linking CXX executable test_axion_evidence_loop_closure_corrected
[280/350] Building CXX object _deps/ftxui-build/CMakeFiles/dom.dir/src/ftxui/dom/blink.cpp.o
[281/350] Building CXX object _deps/ftxui-build/CMakeFiles/screen.dir/src/ftxui/screen/screen.cpp.o
[282/350] Building CXX object _deps/ftxui-build/CMakeFiles/dom.dir/src/ftxui/dom/bold.cpp.o
[283/350] Linking CXX static library _deps/ftxui-build/libftxui-screen.a
[284/350] Building CXX object _deps/ftxui-build/CMakeFiles/dom.dir/src/ftxui/dom/box_helper.cpp.o
[285/350] Building CXX object _deps/ftxui-build/CMakeFiles/dom.dir/src/ftxui/dom/hyperlink.cpp.o
[286/350] Building CXX object _deps/ftxui-build/CMakeFiles/dom.dir/src/ftxui/dom/clear_under.cpp.o
[287/350] Building CXX object _deps/ftxui-build/CMakeFiles/dom.dir/src/ftxui/dom/color.cpp.o
[288/350] Building CXX object _deps/ftxui-build/CMakeFiles/dom.dir/src/ftxui/dom/composite_decorator.cpp.o
[289/350] Building CXX object _deps/ftxui-build/CMakeFiles/dom.dir/src/ftxui/dom/border.cpp.o
[290/350] Building CXX object _deps/ftxui-build/CMakeFiles/dom.dir/src/ftxui/dom/dbox.cpp.o
[291/350] Building CXX object _deps/ftxui-build/CMakeFiles/dom.dir/src/ftxui/dom/flexbox_config.cpp.o
[292/350] Building CXX object _deps/ftxui-build/CMakeFiles/dom.dir/src/ftxui/dom/flex.cpp.o
[293/350] Building CXX object _deps/ftxui-build/CMakeFiles/dom.dir/src/ftxui/dom/dim.cpp.o
[294/350] Building CXX object _deps/ftxui-build/CMakeFiles/dom.dir/src/ftxui/dom/flexbox.cpp.o
[295/350] Building CXX object _deps/ftxui-build/CMakeFiles/dom.dir/src/ftxui/dom/flexbox_helper.cpp.o
[296/350] Building CXX object _deps/ftxui-build/CMakeFiles/dom.dir/src/ftxui/dom/canvas.cpp.o
[297/350] Building CXX object _deps/ftxui-build/CMakeFiles/dom.dir/src/ftxui/dom/focus.cpp.o
[298/350] Building CXX object CMakeFiles/test_swar.dir/tests/cpp/test_swar.cpp.o
[299/350] Building CXX object _deps/ftxui-build/CMakeFiles/dom.dir/src/ftxui/dom/frame.cpp.o
[300/350] Building CXX object _deps/ftxui-build/CMakeFiles/dom.dir/src/ftxui/dom/gauge.cpp.o
[301/350] Linking CXX executable test_swar
[302/350] Building CXX object _deps/ftxui-build/CMakeFiles/dom.dir/src/ftxui/dom/graph.cpp.o
[303/350] Building CXX object _deps/ftxui-build/CMakeFiles/dom.dir/src/ftxui/dom/node.cpp.o
[304/350] Building CXX object _deps/ftxui-build/CMakeFiles/dom.dir/src/ftxui/dom/hbox.cpp.o
[305/350] Building CXX object _deps/ftxui-build/CMakeFiles/dom.dir/src/ftxui/dom/gridbox.cpp.o
[306/350] Building CXX object _deps/ftxui-build/CMakeFiles/dom.dir/src/ftxui/dom/inverted.cpp.o
[307/350] Building CXX object _deps/ftxui-build/CMakeFiles/dom.dir/src/ftxui/dom/node_decorator.cpp.o
[308/350] Building CXX object _deps/ftxui-build/CMakeFiles/dom.dir/src/ftxui/dom/reflect.cpp.o
[309/350] Building CXX object _deps/ftxui-build/CMakeFiles/dom.dir/src/ftxui/dom/linear_gradient.cpp.o
[310/350] Building CXX object _deps/ftxui-build/CMakeFiles/dom.dir/src/ftxui/dom/size.cpp.o
[311/350] Building CXX object _deps/ftxui-build/CMakeFiles/dom.dir/src/ftxui/dom/paragraph.cpp.o
[312/350] Building CXX object _deps/ftxui-build/CMakeFiles/dom.dir/src/ftxui/dom/scroll_indicator.cpp.o
[313/350] Building CXX object _deps/ftxui-build/CMakeFiles/dom.dir/src/ftxui/dom/separator.cpp.o
[314/350] Building CXX object _deps/ftxui-build/CMakeFiles/dom.dir/src/ftxui/dom/underlined.cpp.o
[315/350] Building CXX object _deps/ftxui-build/CMakeFiles/dom.dir/src/ftxui/dom/text.cpp.o
[316/350] Building CXX object _deps/ftxui-build/CMakeFiles/dom.dir/src/ftxui/dom/strikethrough.cpp.o
[317/350] Building CXX object _deps/ftxui-build/CMakeFiles/dom.dir/src/ftxui/dom/spinner.cpp.o
[318/350] Building CXX object _deps/ftxui-build/CMakeFiles/dom.dir/src/ftxui/dom/underlined_double.cpp.o
[319/350] Building CXX object _deps/ftxui-build/CMakeFiles/component.dir/src/ftxui/component/animation.cpp.o
[320/350] Building CXX object _deps/ftxui-build/CMakeFiles/dom.dir/src/ftxui/dom/util.cpp.o
[321/350] Building CXX object _deps/ftxui-build/CMakeFiles/dom.dir/src/ftxui/dom/vbox.cpp.o
[322/350] Building CXX object _deps/ftxui-build/CMakeFiles/dom.dir/src/ftxui/dom/table.cpp.o
[323/350] Linking CXX static library _deps/ftxui-build/libftxui-dom.a
[324/350] Building CXX object _deps/ftxui-build/CMakeFiles/component.dir/src/ftxui/component/catch_event.cpp.o
[325/350] Building CXX object _deps/ftxui-build/CMakeFiles/component.dir/src/ftxui/component/collapsible.cpp.o
[326/350] Building CXX object _deps/ftxui-build/CMakeFiles/component.dir/src/ftxui/component/checkbox.cpp.o
[327/350] Building CXX object _deps/ftxui-build/CMakeFiles/component.dir/src/ftxui/component/button.cpp.o
[328/350] Building CXX object _deps/ftxui-build/CMakeFiles/component.dir/src/ftxui/component/component.cpp.o
[329/350] Building CXX object _deps/ftxui-build/CMakeFiles/component.dir/src/ftxui/component/event.cpp.o
[330/350] Building CXX object _deps/ftxui-build/CMakeFiles/component.dir/src/ftxui/component/component_options.cpp.o
[331/350] Building CXX object _deps/ftxui-build/CMakeFiles/component.dir/src/ftxui/component/dropdown.cpp.o
[332/350] Building CXX object _deps/ftxui-build/CMakeFiles/component.dir/src/ftxui/component/hoverable.cpp.o
[333/350] Building CXX object _deps/ftxui-build/CMakeFiles/component.dir/src/ftxui/component/loop.cpp.o
[334/350] Building CXX object _deps/ftxui-build/CMakeFiles/component.dir/src/ftxui/component/container.cpp.o
[335/350] Building CXX object _deps/ftxui-build/CMakeFiles/component.dir/src/ftxui/component/maybe.cpp.o
[336/350] Building CXX object _deps/ftxui-build/CMakeFiles/component.dir/src/ftxui/component/modal.cpp.o
[337/350] Building CXX object _deps/ftxui-build/CMakeFiles/component.dir/src/ftxui/component/renderer.cpp.o
[338/350] Building CXX object _deps/ftxui-build/CMakeFiles/component.dir/src/ftxui/component/radiobox.cpp.o
[339/350] Building CXX object _deps/ftxui-build/CMakeFiles/component.dir/src/ftxui/component/input.cpp.o
[340/350] Building CXX object _deps/ftxui-build/CMakeFiles/component.dir/src/ftxui/component/menu.cpp.o
[341/350] Building CXX object _deps/ftxui-build/CMakeFiles/component.dir/src/ftxui/component/resizable_split.cpp.o
[342/350] Building CXX object _deps/ftxui-build/CMakeFiles/component.dir/src/ftxui/component/util.cpp.o
[343/350] Building CXX object _deps/ftxui-build/CMakeFiles/component.dir/src/ftxui/component/terminal_input_parser.cpp.o
[344/350] Building CXX object _deps/ftxui-build/CMakeFiles/component.dir/src/ftxui/component/screen_interactive.cpp.o
[345/350] Building CXX object _deps/ftxui-build/CMakeFiles/component.dir/src/ftxui/component/window.cpp.o
[346/350] Building CXX object _deps/ftxui-build/CMakeFiles/component.dir/src/ftxui/component/slider.cpp.o
[347/350] Linking CXX static library _deps/ftxui-build/libftxui-component.a
[348/350] Linking CXX static library libt81_tui.a
[349/350] Linking CXX executable tui_snapshot_test
[350/350] Linking CXX executable t81
